{
    "Test MPX analysis - SCSP v1 | Immunology-I": {
        "content": [
            [
                [
                    {
                        "id": "sample01_1k_pbmcs_scsp_v1_immunology1",
                        "design": "D21",
                        "panel": "human-sc-immunology-spatial-proteomics-1",
                        "technology": "mpx"
                    },
                    "sample01_1k_pbmcs_scsp_v1_immunology1.report.json:md5,5db6473f8c444276e3b287231fc87481"
                ]
            ],
            [
                [
                    {
                        "id": "sample01_1k_pbmcs_scsp_v1_immunology1",
                        "design": "D21",
                        "panel": "human-sc-immunology-spatial-proteomics-1",
                        "technology": "mpx"
                    },
                    "sample01_1k_pbmcs_scsp_v1_immunology1.meta.json:md5,f2597ab5ea83e5257f8c96330df16484"
                ]
            ]
        ],
        "meta": {
            "nf-test": "0.9.2",
            "nextflow": "25.04.2"
        },
        "timestamp": "2025-06-26T11:50:05.9291208"
    },
    "pxl": {
        "content": [
            "metadata.json:md5,57e6b62b023056bbe857829a5796bb7a"
        ],
        "meta": {
            "nf-test": "0.9.2",
            "nextflow": "24.10.6"
        },
        "timestamp": "2025-05-06T15:09:46.933037588"
    },
    "Test MPX analysis - stub": {
        "content": [
            {
                "0": [
                    [
                        {
                            "id": "sample01_1k_pbmcs_scsp_v1_immunology1",
                            "design": "D21",
                            "panel": "human-sc-immunology-spatial-proteomics-1",
                            "technology": "mpx"
                        },
                        "sample01_1k_pbmcs_scsp_v1_immunology1.dataset.pxl:md5,d41d8cd98f00b204e9800998ecf8427e"
                    ]
                ],
                "1": [
                    [
                        {
                            "id": "sample01_1k_pbmcs_scsp_v1_immunology1",
                            "design": "D21",
                            "panel": "human-sc-immunology-spatial-proteomics-1",
                            "technology": "mpx"
                        },
                        "sample01_1k_pbmcs_scsp_v1_immunology1.report.json:md5,d41d8cd98f00b204e9800998ecf8427e"
                    ]
                ],
                "2": [
                    [
                        {
                            "id": "sample01_1k_pbmcs_scsp_v1_immunology1",
                            "design": "D21",
                            "panel": "human-sc-immunology-spatial-proteomics-1",
                            "technology": "mpx"
                        },
                        "sample01_1k_pbmcs_scsp_v1_immunology1.meta.json:md5,d41d8cd98f00b204e9800998ecf8427e"
                    ]
                ],
                "3": [
                    [
                        {
                            "id": "sample01_1k_pbmcs_scsp_v1_immunology1",
                            "design": "D21",
                            "panel": "human-sc-immunology-spatial-proteomics-1",
                            "technology": "mpx"
                        },
                        [
                            "sample01_1k_pbmcs_scsp_v1_immunology1.dataset.pxl:md5,d41d8cd98f00b204e9800998ecf8427e",
                            "sample01_1k_pbmcs_scsp_v1_immunology1.meta.json:md5,d41d8cd98f00b204e9800998ecf8427e",
                            "sample01_1k_pbmcs_scsp_v1_immunology1.report.json:md5,d41d8cd98f00b204e9800998ecf8427e"
                        ]
                    ]
                ],
                "4": [
                    [
                        {
                            "id": "sample01_1k_pbmcs_scsp_v1_immunology1",
                            "design": "D21",
                            "panel": "human-sc-immunology-spatial-proteomics-1",
                            "technology": "mpx"
                        },
                        "sample01_1k_pbmcs_scsp_v1_immunology1.pixelator-analysis.log:md5,d41d8cd98f00b204e9800998ecf8427e"
                    ]
                ],
                "5": [
                    "versions.yml:md5,21f7010150c44ce0f97dfe8a429047a1"
                ],
                "all_results": [
                    [
                        {
                            "id": "sample01_1k_pbmcs_scsp_v1_immunology1",
                            "design": "D21",
                            "panel": "human-sc-immunology-spatial-proteomics-1",
                            "technology": "mpx"
                        },
                        [
                            "sample01_1k_pbmcs_scsp_v1_immunology1.dataset.pxl:md5,d41d8cd98f00b204e9800998ecf8427e",
                            "sample01_1k_pbmcs_scsp_v1_immunology1.meta.json:md5,d41d8cd98f00b204e9800998ecf8427e",
                            "sample01_1k_pbmcs_scsp_v1_immunology1.report.json:md5,d41d8cd98f00b204e9800998ecf8427e"
                        ]
                    ]
                ],
                "dataset": [
                    [
                        {
                            "id": "sample01_1k_pbmcs_scsp_v1_immunology1",
                            "design": "D21",
                            "panel": "human-sc-immunology-spatial-proteomics-1",
                            "technology": "mpx"
                        },
                        "sample01_1k_pbmcs_scsp_v1_immunology1.dataset.pxl:md5,d41d8cd98f00b204e9800998ecf8427e"
                    ]
                ],
                "log": [
                    [
                        {
                            "id": "sample01_1k_pbmcs_scsp_v1_immunology1",
                            "design": "D21",
                            "panel": "human-sc-immunology-spatial-proteomics-1",
                            "technology": "mpx"
                        },
                        "sample01_1k_pbmcs_scsp_v1_immunology1.pixelator-analysis.log:md5,d41d8cd98f00b204e9800998ecf8427e"
                    ]
                ],
                "metadata": [
                    [
                        {
                            "id": "sample01_1k_pbmcs_scsp_v1_immunology1",
                            "design": "D21",
                            "panel": "human-sc-immunology-spatial-proteomics-1",
                            "technology": "mpx"
                        },
                        "sample01_1k_pbmcs_scsp_v1_immunology1.meta.json:md5,d41d8cd98f00b204e9800998ecf8427e"
                    ]
                ],
                "report_json": [
                    [
                        {
                            "id": "sample01_1k_pbmcs_scsp_v1_immunology1",
                            "design": "D21",
                            "panel": "human-sc-immunology-spatial-proteomics-1",
                            "technology": "mpx"
                        },
                        "sample01_1k_pbmcs_scsp_v1_immunology1.report.json:md5,d41d8cd98f00b204e9800998ecf8427e"
                    ]
                ],
                "versions": [
                    "versions.yml:md5,21f7010150c44ce0f97dfe8a429047a1"
                ]
            }
        ],
        "meta": {
            "nf-test": "0.9.2",
            "nextflow": "25.04.2"
        },
        "timestamp": "2025-06-26T11:48:02.493689902"
    }
}