{
    "versions": {
        "content": [
            [
                "versions.yml:md5,1c35ddcd59548b42fc730937c4263809"
            ]
        ],
        "meta": {
            "nf-test": "0.9.2",
            "nextflow": "25.04.6"
        },
        "timestamp": "2025-08-27T07:10:33.460197901"
    },
    "stub-versions": {
        "content": [
            [
                "versions.yml:md5,1c35ddcd59548b42fc730937c4263809"
            ]
        ],
        "meta": {
            "nf-test": "0.9.2",
            "nextflow": "25.04.6"
        },
        "timestamp": "2025-08-27T07:13:26.253720282"
    }
}