{
    "versions": {
        "content": [
            [
                "versions.yml:md5,1940270b85b14a85f8a1e2c0cc4175c1",
                "versions.yml:md5,1dd43496474a2059ddc33ff345a31e89",
                "versions.yml:md5,30045858d998c6bda107080bc5fe7e7c",
                "versions.yml:md5,3600aa4bba044df44d77a8ae00aa4c65",
                "versions.yml:md5,70f4e761e87d8807946fffc5484a586c",
                "versions.yml:md5,c12c7c40e0b739debcbe762b4d77dc34",
                "versions.yml:md5,c83065ff66c109dabfbd7513ae4df588",
                "versions.yml:md5,de911a9e581de7e1788418f9e5b8a178",
                "versions.yml:md5,faf4f6d15fed3e88e021eedb9302afdf"
            ]
        ],
        "meta": {
            "nf-test": "0.9.2",
            "nextflow": "25.04.2"
        },
        "timestamp": "2025-07-02T10:53:52.480455498"
    }
}