{
    "versions": {
        "content": [
            [
                "versions.yml:md5,277fdd55773113498ea1c9177f927674"
            ]
        ],
        "meta": {
            "nf-test": "0.9.2",
            "nextflow": "25.04.2"
        },
        "timestamp": "2025-06-26T14:02:28.335957996"
    }
}