{
    "Test MPX graph - SCSP v1 | Immunology-I": {
        "content": [
            [
                [
                    {
                        "id": "sample01_1k_pbmcs_scsp_v1_immunology1",
                        "design": "D21",
                        "panel": "human-sc-immunology-spatial-proteomics-1",
                        "technology": "mpx"
                    },
                    "sample01_1k_pbmcs_scsp_v1_immunology1.edgelist.parquet:md5,de66e693aef8db80870b227692ed9bee"
                ]
            ],
            [
                [
                    {
                        "id": "sample01_1k_pbmcs_scsp_v1_immunology1",
                        "design": "D21",
                        "panel": "human-sc-immunology-spatial-proteomics-1",
                        "technology": "mpx"
                    },
                    "sample01_1k_pbmcs_scsp_v1_immunology1.report.json:md5,42f85a10b4bda24de42f293d485e806e"
                ]
            ],
            [
                [
                    {
                        "id": "sample01_1k_pbmcs_scsp_v1_immunology1",
                        "design": "D21",
                        "panel": "human-sc-immunology-spatial-proteomics-1",
                        "technology": "mpx"
                    },
                    "sample01_1k_pbmcs_scsp_v1_immunology1.meta.json:md5,19d11c140f3cacde4f9dd68ddd8a7721"
                ]
            ]
        ],
        "meta": {
            "nf-test": "0.9.2",
            "nextflow": "24.10.6"
        },
        "timestamp": "2025-05-06T15:13:15.220381752"
    },
    "Test MPX graph - stub": {
        "content": [
            {
                "0": [
                    [
                        {
                            "id": "sample01_1k_pbmcs_scsp_v1_immunology1",
                            "design": "D21",
                            "panel": "human-sc-immunology-spatial-proteomics-1",
                            "technology": "mpx"
                        },
                        "sample01_1k_pbmcs_scsp_v1_immunology1.edgelist.parquet:md5,d41d8cd98f00b204e9800998ecf8427e"
                    ]
                ],
                "1": [
                    [
                        {
                            "id": "sample01_1k_pbmcs_scsp_v1_immunology1",
                            "design": "D21",
                            "panel": "human-sc-immunology-spatial-proteomics-1",
                            "technology": "mpx"
                        },
                        "sample01_1k_pbmcs_scsp_v1_immunology1.report.json:md5,d41d8cd98f00b204e9800998ecf8427e"
                    ]
                ],
                "2": [
                    [
                        {
                            "id": "sample01_1k_pbmcs_scsp_v1_immunology1",
                            "design": "D21",
                            "panel": "human-sc-immunology-spatial-proteomics-1",
                            "technology": "mpx"
                        },
                        "sample01_1k_pbmcs_scsp_v1_immunology1.meta.json:md5,d41d8cd98f00b204e9800998ecf8427e"
                    ]
                ],
                "3": [
                    [
                        {
                            "id": "sample01_1k_pbmcs_scsp_v1_immunology1",
                            "design": "D21",
                            "panel": "human-sc-immunology-spatial-proteomics-1",
                            "technology": "mpx"
                        },
                        [
                            "sample01_1k_pbmcs_scsp_v1_immunology1.edgelist.parquet:md5,d41d8cd98f00b204e9800998ecf8427e",
                            "sample01_1k_pbmcs_scsp_v1_immunology1.meta.json:md5,d41d8cd98f00b204e9800998ecf8427e",
                            "sample01_1k_pbmcs_scsp_v1_immunology1.report.json:md5,d41d8cd98f00b204e9800998ecf8427e"
                        ]
                    ]
                ],
                "4": [
                    [
                        {
                            "id": "sample01_1k_pbmcs_scsp_v1_immunology1",
                            "design": "D21",
                            "panel": "human-sc-immunology-spatial-proteomics-1",
                            "technology": "mpx"
                        },
                        "sample01_1k_pbmcs_scsp_v1_immunology1.pixelator-graph.log:md5,d41d8cd98f00b204e9800998ecf8427e"
                    ]
                ],
                "5": [
                    "versions.yml:md5,089da310eb4b534a7844ab771c93c35a"
                ],
                "all_results": [
                    [
                        {
                            "id": "sample01_1k_pbmcs_scsp_v1_immunology1",
                            "design": "D21",
                            "panel": "human-sc-immunology-spatial-proteomics-1",
                            "technology": "mpx"
                        },
                        [
                            "sample01_1k_pbmcs_scsp_v1_immunology1.edgelist.parquet:md5,d41d8cd98f00b204e9800998ecf8427e",
                            "sample01_1k_pbmcs_scsp_v1_immunology1.meta.json:md5,d41d8cd98f00b204e9800998ecf8427e",
                            "sample01_1k_pbmcs_scsp_v1_immunology1.report.json:md5,d41d8cd98f00b204e9800998ecf8427e"
                        ]
                    ]
                ],
                "edgelist": [
                    [
                        {
                            "id": "sample01_1k_pbmcs_scsp_v1_immunology1",
                            "design": "D21",
                            "panel": "human-sc-immunology-spatial-proteomics-1",
                            "technology": "mpx"
                        },
                        "sample01_1k_pbmcs_scsp_v1_immunology1.edgelist.parquet:md5,d41d8cd98f00b204e9800998ecf8427e"
                    ]
                ],
                "log": [
                    [
                        {
                            "id": "sample01_1k_pbmcs_scsp_v1_immunology1",
                            "design": "D21",
                            "panel": "human-sc-immunology-spatial-proteomics-1",
                            "technology": "mpx"
                        },
                        "sample01_1k_pbmcs_scsp_v1_immunology1.pixelator-graph.log:md5,d41d8cd98f00b204e9800998ecf8427e"
                    ]
                ],
                "metadata": [
                    [
                        {
                            "id": "sample01_1k_pbmcs_scsp_v1_immunology1",
                            "design": "D21",
                            "panel": "human-sc-immunology-spatial-proteomics-1",
                            "technology": "mpx"
                        },
                        "sample01_1k_pbmcs_scsp_v1_immunology1.meta.json:md5,d41d8cd98f00b204e9800998ecf8427e"
                    ]
                ],
                "report_json": [
                    [
                        {
                            "id": "sample01_1k_pbmcs_scsp_v1_immunology1",
                            "design": "D21",
                            "panel": "human-sc-immunology-spatial-proteomics-1",
                            "technology": "mpx"
                        },
                        "sample01_1k_pbmcs_scsp_v1_immunology1.report.json:md5,d41d8cd98f00b204e9800998ecf8427e"
                    ]
                ],
                "versions": [
                    "versions.yml:md5,089da310eb4b534a7844ab771c93c35a"
                ]
            }
        ],
        "meta": {
            "nf-test": "0.9.2",
            "nextflow": "25.04.2"
        },
        "timestamp": "2025-06-26T11:52:11.627188377"
    }
}