{
    "Test MPX annotate - SCSP v1 | Immunology-I": {
        "content": [
            [
                [
                    {
                        "id": "sample01_1k_pbmcs_scsp_v1_immunology1",
                        "design": "D21",
                        "panel": "human-sc-immunology-spatial-proteomics-1",
                        "technology": "mpx"
                    },
                    "sample01_1k_pbmcs_scsp_v1_immunology1.report.json:md5,46497e565adecc96af90e90faffaf372"
                ]
            ],
            [
                [
                    {
                        "id": "sample01_1k_pbmcs_scsp_v1_immunology1",
                        "design": "D21",
                        "panel": "human-sc-immunology-spatial-proteomics-1",
                        "technology": "mpx"
                    },
                    "sample01_1k_pbmcs_scsp_v1_immunology1.meta.json:md5,d665597d94d168a92632ec419a79617f"
                ]
            ]
        ],
        "meta": {
            "nf-test": "0.9.2",
            "nextflow": "24.10.6"
        },
        "timestamp": "2025-05-06T15:10:43.635775337"
    },
    "pxl": {
        "content": [
            "metadata.json:md5,e76b6fc27e46ad184c9466af70964707"
        ],
        "meta": {
            "nf-test": "0.9.2",
            "nextflow": "25.04.2"
        },
        "timestamp": "2025-06-26T11:50:50.354921348"
    },
    "Test MPX annotate - stub": {
        "content": [
            {
                "0": [
                    [
                        {
                            "id": "sample01_1k_pbmcs_scsp_v1_immunology1",
                            "design": "D21",
                            "panel": "human-sc-immunology-spatial-proteomics-1",
                            "technology": "mpx"
                        },
                        "sample01_1k_pbmcs_scsp_v1_immunology1.dataset.pxl:md5,d41d8cd98f00b204e9800998ecf8427e"
                    ]
                ],
                "1": [
                    [
                        {
                            "id": "sample01_1k_pbmcs_scsp_v1_immunology1",
                            "design": "D21",
                            "panel": "human-sc-immunology-spatial-proteomics-1",
                            "technology": "mpx"
                        },
                        "sample01_1k_pbmcs_scsp_v1_immunology1.report.json:md5,d41d8cd98f00b204e9800998ecf8427e"
                    ]
                ],
                "2": [
                    [
                        {
                            "id": "sample01_1k_pbmcs_scsp_v1_immunology1",
                            "design": "D21",
                            "panel": "human-sc-immunology-spatial-proteomics-1",
                            "technology": "mpx"
                        },
                        "sample01_1k_pbmcs_scsp_v1_immunology1.meta.json:md5,d41d8cd98f00b204e9800998ecf8427e"
                    ]
                ],
                "3": [
                    [
                        {
                            "id": "sample01_1k_pbmcs_scsp_v1_immunology1",
                            "design": "D21",
                            "panel": "human-sc-immunology-spatial-proteomics-1",
                            "technology": "mpx"
                        },
                        [
                            "sample01_1k_pbmcs_scsp_v1_immunology1.dataset.pxl:md5,d41d8cd98f00b204e9800998ecf8427e",
                            "sample01_1k_pbmcs_scsp_v1_immunology1.meta.json:md5,d41d8cd98f00b204e9800998ecf8427e",
                            "sample01_1k_pbmcs_scsp_v1_immunology1.report.json:md5,d41d8cd98f00b204e9800998ecf8427e"
                        ]
                    ]
                ],
                "4": [
                    [
                        {
                            "id": "sample01_1k_pbmcs_scsp_v1_immunology1",
                            "design": "D21",
                            "panel": "human-sc-immunology-spatial-proteomics-1",
                            "technology": "mpx"
                        },
                        "sample01_1k_pbmcs_scsp_v1_immunology1.pixelator-annotate.log:md5,d41d8cd98f00b204e9800998ecf8427e"
                    ]
                ],
                "5": [
                    "versions.yml:md5,c9f01dab6f97bd11145a7e81ef32e930"
                ],
                "all_results": [
                    [
                        {
                            "id": "sample01_1k_pbmcs_scsp_v1_immunology1",
                            "design": "D21",
                            "panel": "human-sc-immunology-spatial-proteomics-1",
                            "technology": "mpx"
                        },
                        [
                            "sample01_1k_pbmcs_scsp_v1_immunology1.dataset.pxl:md5,d41d8cd98f00b204e9800998ecf8427e",
                            "sample01_1k_pbmcs_scsp_v1_immunology1.meta.json:md5,d41d8cd98f00b204e9800998ecf8427e",
                            "sample01_1k_pbmcs_scsp_v1_immunology1.report.json:md5,d41d8cd98f00b204e9800998ecf8427e"
                        ]
                    ]
                ],
                "dataset": [
                    [
                        {
                            "id": "sample01_1k_pbmcs_scsp_v1_immunology1",
                            "design": "D21",
                            "panel": "human-sc-immunology-spatial-proteomics-1",
                            "technology": "mpx"
                        },
                        "sample01_1k_pbmcs_scsp_v1_immunology1.dataset.pxl:md5,d41d8cd98f00b204e9800998ecf8427e"
                    ]
                ],
                "log": [
                    [
                        {
                            "id": "sample01_1k_pbmcs_scsp_v1_immunology1",
                            "design": "D21",
                            "panel": "human-sc-immunology-spatial-proteomics-1",
                            "technology": "mpx"
                        },
                        "sample01_1k_pbmcs_scsp_v1_immunology1.pixelator-annotate.log:md5,d41d8cd98f00b204e9800998ecf8427e"
                    ]
                ],
                "metadata": [
                    [
                        {
                            "id": "sample01_1k_pbmcs_scsp_v1_immunology1",
                            "design": "D21",
                            "panel": "human-sc-immunology-spatial-proteomics-1",
                            "technology": "mpx"
                        },
                        "sample01_1k_pbmcs_scsp_v1_immunology1.meta.json:md5,d41d8cd98f00b204e9800998ecf8427e"
                    ]
                ],
                "report_json": [
                    [
                        {
                            "id": "sample01_1k_pbmcs_scsp_v1_immunology1",
                            "design": "D21",
                            "panel": "human-sc-immunology-spatial-proteomics-1",
                            "technology": "mpx"
                        },
                        "sample01_1k_pbmcs_scsp_v1_immunology1.report.json:md5,d41d8cd98f00b204e9800998ecf8427e"
                    ]
                ],
                "versions": [
                    "versions.yml:md5,c9f01dab6f97bd11145a7e81ef32e930"
                ]
            }
        ],
        "meta": {
            "nf-test": "0.9.2",
            "nextflow": "25.04.2"
        },
        "timestamp": "2025-06-26T11:50:20.225789489"
    }
}